// Jest Snapshot v1, https://goo.gl/fbAQLP

exports[` 1`] = `"<div role=\\"presentation\\" class=\\"MuiDialog-root\\" style=\\"position: fixed; z-index: 1300; right: 0px; bottom: 0px; top: 0px; left: 0px;\\"><div class=\\"MuiBackdrop-root\\" aria-hidden=\\"true\\" style=\\"opacity: 1; webkit-transition: opacity 225ms cubic-bezier(0.4, 0, 0.2, 1) 0ms; transition: opacity 225ms cubic-bezier(0.4, 0, 0.2, 1) 0ms;\\"></div><div tabindex=\\"0\\" data-test=\\"sentinelStart\\"></div><div class=\\"MuiDialog-container makeStyles-container-2 MuiDialog-scrollPaper\\" style=\\"opacity: 1; webkit-transition: opacity 225ms cubic-bezier(0.4, 0, 0.2, 1) 0ms; transition: opacity 225ms cubic-bezier(0.4, 0, 0.2, 1) 0ms;\\" role=\\"none presentation\\" tabindex=\\"-1\\"><div class=\\"MuiPaper-root MuiDialog-paper makeStyles-dialogPaper-3 MuiDialog-paperScrollPaper MuiDialog-paperWidthSm MuiDialog-paperFullWidth MuiPaper-elevation24 MuiPaper-rounded\\" role=\\"dialog\\" aria-labelledby=\\"customized-dialog-title\\"><div class=\\"MuiDialogTitle-root makeStyles-root-1\\" id=\\"customized-dialog-title\\"><h6 class=\\"MuiTypography-root MuiTypography-h6\\">Tell us more</h6><button class=\\"MuiButtonBase-root MuiIconButton-root makeStyles-closeButton-4\\" tabindex=\\"0\\" type=\\"button\\" aria-label=\\"close\\"><span class=\\"MuiIconButton-label\\"><svg class=\\"MuiSvgIcon-root\\" focusable=\\"false\\" viewBox=\\"0 0 24 24\\" aria-hidden=\\"true\\"><path d=\\"M19 6.41L17.59 5 12 10.59 6.41 5 5 6.41 10.59 12 5 17.59 6.41 19 12 13.41 17.59 19 19 17.59 13.41 12z\\"></path></svg></span><span class=\\"MuiTouchRipple-root\\"></span></button></div><div class=\\"MuiDialogContent-root WithStyles(ForwardRef(DialogContent))-root-102 MuiDialogContent-dividers\\"><div class=\\"MuiFormControl-root MuiTextField-root MuiFormControl-marginNormal MuiFormControl-fullWidth\\" style=\\"margin: 8px;\\"><label class=\\"MuiFormLabel-root MuiInputLabel-root MuiInputLabel-formControl MuiInputLabel-animated MuiInputLabel-shrink\\" data-shrink=\\"true\\" for=\\"like\\" id=\\"like-label\\">What did you like the most?</label><div class=\\"MuiInputBase-root MuiInput-root MuiInput-underline MuiInputBase-fullWidth MuiInput-fullWidth MuiInputBase-formControl MuiInput-formControl\\"><input aria-invalid=\\"false\\" id=\\"like\\" name=\\"like\\" placeholder=\\"Tell us your experience (optional)\\" type=\\"text\\" class=\\"MuiInputBase-input MuiInput-input\\" value=\\"\\"></div></div><div class=\\"MuiFormControl-root MuiTextField-root MuiFormControl-marginNormal MuiFormControl-fullWidth\\" style=\\"margin: 8px;\\"><label class=\\"MuiFormLabel-root MuiInputLabel-root MuiInputLabel-formControl MuiInputLabel-animated MuiInputLabel-shrink\\" data-shrink=\\"true\\" for=\\"dislike\\" id=\\"dislike-label\\">What did you like least?</label><div class=\\"MuiInputBase-root MuiInput-root MuiInput-underline MuiInputBase-fullWidth MuiInput-fullWidth MuiInputBase-formControl MuiInput-formControl\\"><input aria-invalid=\\"false\\" id=\\"dislike\\" name=\\"dislike\\" placeholder=\\"Let us know how we can improve (optional)\\" type=\\"text\\" class=\\"MuiInputBase-input MuiInput-input\\" value=\\"\\"></div></div><div class=\\"MuiFormControl-root MuiTextField-root MuiFormControl-marginNormal MuiFormControl-fullWidth\\" style=\\"margin: 8px;\\"><label class=\\"MuiFormLabel-root MuiInputLabel-root MuiInputLabel-formControl MuiInputLabel-animated MuiInputLabel-shrink\\" data-shrink=\\"true\\" for=\\"email\\" id=\\"email-label\\">Your email</label><div class=\\"MuiInputBase-root MuiInput-root MuiInput-underline MuiInputBase-fullWidth MuiInput-fullWidth MuiInputBase-formControl MuiInput-formControl\\"><input aria-invalid=\\"false\\" id=\\"email\\" name=\\"email\\" placeholder=\\"Your email address (optional)\\" type=\\"email\\" class=\\"MuiInputBase-input MuiInput-input\\" value=\\"\\"></div></div></div><div class=\\"MuiDialogActions-root WithStyles(ForwardRef(DialogActions))-root-162 MuiDialogActions-spacing\\"><button class=\\"MuiButtonBase-root MuiButton-root MuiButton-text MuiButton-textPrimary Mui-disabled Mui-disabled\\" tabindex=\\"-1\\" type=\\"button\\" disabled=\\"\\" id=\\"submit-button\\"><span class=\\"MuiButton-label\\">SUBMIT</span></button></div></div></div><div tabindex=\\"0\\" data-test=\\"sentinelEnd\\"></div></div>"`;
